1:src/__tests__/hooks/useLivestock-old.test.ts(152,25): error TS2339: Property 'mockReturnValue' does not exist on type '{ <TableName extends string, Table extends any>(relation: TableName): PostgrestQueryBuilder<any, any, Table, TableName, Table extends { Relationships: infer R; } ? R : unknown>; <ViewName extends string, View extends any>(relation: ViewName): PostgrestQueryBuilder<...>; }'.
2:src/__tests__/hooks/useLivestock-old.test.ts(163,40): error TS2345: Argument of type '{ tag_number: string; breed: string; gender: string; birth_date: string; weight: number; status: string; location: string; notes: string; farm_id: string; }' is not assignable to parameter of type 'CreateRequest<Livestock>'.
3:src/__tests__/hooks/useLivestock-old.test.ts(186,25): error TS2339: Property 'mockReturnValue' does not exist on type '{ <TableName extends string, Table extends any>(relation: TableName): PostgrestQueryBuilder<any, any, Table, TableName, Table extends { Relationships: infer R; } ? R : unknown>; <ViewName extends string, View extends any>(relation: ViewName): PostgrestQueryBuilder<...>; }'.
4:src/__tests__/hooks/useLivestock-old.test.ts(197,47): error TS2345: Argument of type '{ tag_number: string; breed: string; gender: string; birth_date: string; weight: number; status: string; location: string; notes: string; farm_id: string; }' is not assignable to parameter of type 'CreateRequest<Livestock>'.
5:src/__tests__/hooks/useLivestock-old.test.ts(214,25): error TS2339: Property 'mockReturnValue' does not exist on type '{ <TableName extends string, Table extends any>(relation: TableName): PostgrestQueryBuilder<any, any, Table, TableName, Table extends { Relationships: infer R; } ? R : unknown>; <ViewName extends string, View extends any>(relation: ViewName): PostgrestQueryBuilder<...>; }'.
6:src/__tests__/hooks/useLivestock-old.test.ts(227,61): error TS2322: Type '{ weight: number; status: string; notes: string; }' is not assignable to type 'Partial<Omit<Livestock, "id" | "created_at" | "updated_at">>'.
7:src/__tests__/hooks/useLivestock-old.test.ts(240,25): error TS2339: Property 'mockReturnValue' does not exist on type '{ <TableName extends string, Table extends any>(relation: TableName): PostgrestQueryBuilder<any, any, Table, TableName, Table extends { Relationships: infer R; } ? R : unknown>; <ViewName extends string, View extends any>(relation: ViewName): PostgrestQueryBuilder<...>; }'.
8:src/__tests__/hooks/useLivestock-old.test.ts(254,57): error TS2559: Type '{ weight: number; }' has no properties in common with type 'Partial<Omit<Livestock, "id" | "created_at" | "updated_at">>'.
9:src/__tests__/hooks/useLivestock-old.test.ts(266,25): error TS2339: Property 'mockReturnValue' does not exist on type '{ <TableName extends string, Table extends any>(relation: TableName): PostgrestQueryBuilder<any, any, Table, TableName, Table extends { Relationships: infer R; } ? R : unknown>; <ViewName extends string, View extends any>(relation: ViewName): PostgrestQueryBuilder<...>; }'.
10:src/__tests__/hooks/useLivestock-old.test.ts(286,25): error TS2339: Property 'mockReturnValue' does not exist on type '{ <TableName extends string, Table extends any>(relation: TableName): PostgrestQueryBuilder<any, any, Table, TableName, Table extends { Relationships: infer R; } ? R : unknown>; <ViewName extends string, View extends any>(relation: ViewName): PostgrestQueryBuilder<...>; }'.
11:src/__tests__/hooks/useLivestock.test.ts(142,40): error TS2345: Argument of type '{ tag_number: string; breed: string; gender: string; birth_date: string; weight: number; status: "healthy"; location: string; notes: string; farm_id: string; }' is not assignable to parameter of type 'CreateRequest<Livestock>'.
12:src/__tests__/hooks/useLivestock.test.ts(170,47): error TS2345: Argument of type '{ tag_number: string; breed: string; gender: string; birth_date: string; weight: number; status: "healthy"; location: string; notes: string; farm_id: string; }' is not assignable to parameter of type 'CreateRequest<Livestock>'.
13:src/__tests__/hooks/useLivestock.test.ts(190,61): error TS2322: Type '{ weight: number; status: "healthy"; notes: string; }' is not assignable to type 'Partial<Omit<Livestock, "id" | "created_at" | "updated_at">>'.
14:src/__tests__/hooks/useLivestock.test.ts(209,57): error TS2559: Type '{ weight: number; }' has no properties in common with type 'Partial<Omit<Livestock, "id" | "created_at" | "updated_at">>'.
15:src/__tests__/setup.ts(190,46): error TS2833: Cannot find namespace 'vi'. Did you mean 'Vi'?
16:src/api/hooks/useLivestock.ts(238,21): error TS2339: Property 'livestock_id' does not exist on type 'CreateRequest<AnimalHealth>'.
17:src/api/hooks/useLivestock.ts(240,59): error TS2339: Property 'livestock_id' does not exist on type 'CreateRequest<AnimalHealth>'.
18:src/api/hooks/useLivestock.ts(308,21): error TS2339: Property 'livestock_id' does not exist on type 'CreateRequest<ProductionRecord>'.
19:src/api/hooks/useLivestock.ts(310,63): error TS2339: Property 'livestock_id' does not exist on type 'CreateRequest<ProductionRecord>'.
20:src/api/hooks/useLivestock.ts(353,21): error TS2339: Property 'livestock_id' does not exist on type 'CreateRequest<BreedingRecord>'.
21:src/api/hooks/useLivestock.ts(355,61): error TS2339: Property 'livestock_id' does not exist on type 'CreateRequest<BreedingRecord>'.
22:src/api/hooks/useLivestock.ts(394,24): error TS2339: Property 'type' does not exist on type 'Livestock'.
23:src/api/hooks/useLivestock.ts(394,44): error TS2339: Property 'type' does not exist on type 'Livestock'.
24:src/components/AdvancedManagementDashboard.tsx(186,5): error TS2769: No overload matches this call.
25:src/components/AdvancedManagementDashboard.tsx(322,47): error TS2322: Type 'Dispatch<SetStateAction<"7d" | "30d" | "90d" | "24h">>' is not assignable to type '(value: string) => void'.
26:src/components/AdvancedManagementDashboard.tsx(410,43): error TS2362: The left-hand side of an arithmetic operation must be of type 'any', 'number', 'bigint' or an enum type.
27:src/components/AdvancedManagementDashboard.tsx(449,33): error TS2339: Property 'map' does not exist on type 'NonNullable<NoInfer<TQueryFnData>>'.
28:src/components/AdvancedManagementDashboard.tsx(449,37): error TS7006: Parameter 'resource' implicitly has an 'any' type.
29:src/components/AdvancedManagementDashboard.tsx(532,32): error TS18048: 'activity.status' is possibly 'undefined'.
30:src/components/CropForm.tsx(32,15): error TS2769: No overload matches this call.
31:src/components/CropForm.tsx(92,25): error TS2345: Argument of type 'Omit<Crop, "id" | "created_at" | "updated_at">[]' is not assignable to parameter of type 'SetStateAction<Crop[]>'.
32:src/components/CropForm.tsx(120,23): error TS2345: Argument of type 'Omit<Crop, "id" | "created_at" | "updated_at">[]' is not assignable to parameter of type 'SetStateAction<Crop[]>'.
33:src/components/crops/InformationEnhancedCrops.tsx(19,17): error TS2323: Cannot redeclare exported variable 'CropsOverviewWithInfo'.
34:src/components/crops/InformationEnhancedCrops.tsx(149,17): error TS2323: Cannot redeclare exported variable 'PestDiseaseManagerWithInfo'.
35:src/components/crops/InformationEnhancedCrops.tsx(310,17): error TS2323: Cannot redeclare exported variable 'SoilHealthMonitorWithInfo'.
36:src/components/crops/InformationEnhancedCrops.tsx(441,17): error TS2323: Cannot redeclare exported variable 'IrrigationOptimizerWithInfo'.
37:src/components/crops/InformationEnhancedCrops.tsx(566,3): error TS2323: Cannot redeclare exported variable 'CropsOverviewWithInfo'.
38:src/components/crops/InformationEnhancedCrops.tsx(566,3): error TS2484: Export declaration conflicts with exported declaration of 'CropsOverviewWithInfo'.
39:src/components/crops/InformationEnhancedCrops.tsx(567,3): error TS2323: Cannot redeclare exported variable 'PestDiseaseManagerWithInfo'.
40:src/components/crops/InformationEnhancedCrops.tsx(567,3): error TS2484: Export declaration conflicts with exported declaration of 'PestDiseaseManagerWithInfo'.
41:src/components/crops/InformationEnhancedCrops.tsx(568,3): error TS2323: Cannot redeclare exported variable 'SoilHealthMonitorWithInfo'.
42:src/components/crops/InformationEnhancedCrops.tsx(568,3): error TS2484: Export declaration conflicts with exported declaration of 'SoilHealthMonitorWithInfo'.
43:src/components/crops/InformationEnhancedCrops.tsx(569,3): error TS2323: Cannot redeclare exported variable 'IrrigationOptimizerWithInfo'.
44:src/components/crops/InformationEnhancedCrops.tsx(569,3): error TS2484: Export declaration conflicts with exported declaration of 'IrrigationOptimizerWithInfo'.
45:src/components/GlobalSearch.tsx(286,25): error TS2345: Argument of type 'SearchResult | undefined' is not assignable to parameter of type 'SearchResult'.
46:src/components/information/InfoIcon.tsx(172,14): error TS2322: Type '{ children: string; jsx: true; }' is not assignable to type 'DetailedHTMLProps<StyleHTMLAttributes<HTMLStyleElement>, HTMLStyleElement>'.
47:src/components/information/InformationProvider.tsx(35,13): error TS2741: Property 'metadata' is missing in type '{ id: string; category_id: string; title: string; slug: string; description: string; content: string; summary: string; tags: string[]; difficulty_level: "beginner"; reading_time_minutes: number; ... 6 more ...; related_topics: never[]; }' but required in type 'InfoTopic'.
48:src/components/information/InformationProvider.tsx(113,7): error TS2741: Property 'metadata' is missing in type '{ id: string; category_id: string; title: string; slug: string; description: string; content: string; summary: string; tags: string[]; difficulty_level: "beginner"; reading_time_minutes: number; ... 7 more ...; related_topics: string[]; }' but required in type 'InfoTopic'.
49:src/components/information/InformationProvider.tsx(153,7): error TS2741: Property 'metadata' is missing in type '{ id: string; category_id: string; title: string; slug: string; description: string; content: string; summary: string; tags: string[]; difficulty_level: "intermediate"; reading_time_minutes: number; ... 6 more ...; related_topics: string[]; }' but required in type 'InfoTopic'.
50:src/components/information/InformationProvider.tsx(197,7): error TS2741: Property 'metadata' is missing in type '{ id: string; category_id: string; title: string; slug: string; description: string; content: string; summary: string; tags: string[]; difficulty_level: "beginner"; reading_time_minutes: number; ... 6 more ...; related_topics: string[]; }' but required in type 'InfoTopic'.
51:src/components/information/InformationProvider.tsx(237,7): error TS2741: Property 'metadata' is missing in type '{ id: string; category_id: string; title: string; slug: string; description: string; content: string; summary: string; tags: string[]; difficulty_level: "intermediate"; reading_time_minutes: number; ... 6 more ...; related_topics: string[]; }' but required in type 'InfoTopic'.
52:src/components/information/InformationProvider.tsx(281,5): error TS2322: Type 'InfoTopic | { id: string; category_id: string; title: string; slug: string; description: string; content: string; summary: string; tags: never[]; difficulty_level: "beginner"; reading_time_minutes: number; ... 6 more ...; related_topics: never[]; }' is not assignable to type 'InfoTopic'.
53:src/components/information/InformationProvider.tsx(327,46): error TS2352: Conversion of type '(event: CustomEvent) => Promise<void>' to type 'EventListener' may be a mistake because neither type sufficiently overlaps with the other. If this was intentional, convert the expression to 'unknown' first.
54:src/components/information/InformationProvider.tsx(329,51): error TS2352: Conversion of type '(event: CustomEvent) => Promise<void>' to type 'EventListener' may be a mistake because neither type sufficiently overlaps with the other. If this was intentional, convert the expression to 'unknown' first.
55:src/components/livestock/InformationEnhancedLivestock.tsx(19,17): error TS2323: Cannot redeclare exported variable 'BreedsRepositoryWithInfo'.
56:src/components/livestock/InformationEnhancedLivestock.tsx(171,17): error TS2323: Cannot redeclare exported variable 'HealthReferenceWithInfo'.
57:src/components/livestock/InformationEnhancedLivestock.tsx(283,17): error TS2323: Cannot redeclare exported variable 'FeedManagementWithInfo'.
58:src/components/livestock/InformationEnhancedLivestock.tsx(399,17): error TS2323: Cannot redeclare exported variable 'LivestockListWithInfo'.
59:src/components/livestock/InformationEnhancedLivestock.tsx(474,3): error TS2323: Cannot redeclare exported variable 'BreedsRepositoryWithInfo'.
60:src/components/livestock/InformationEnhancedLivestock.tsx(474,3): error TS2484: Export declaration conflicts with exported declaration of 'BreedsRepositoryWithInfo'.
61:src/components/livestock/InformationEnhancedLivestock.tsx(475,3): error TS2323: Cannot redeclare exported variable 'HealthReferenceWithInfo'.
62:src/components/livestock/InformationEnhancedLivestock.tsx(475,3): error TS2484: Export declaration conflicts with exported declaration of 'HealthReferenceWithInfo'.
63:src/components/livestock/InformationEnhancedLivestock.tsx(476,3): error TS2323: Cannot redeclare exported variable 'FeedManagementWithInfo'.
64:src/components/livestock/InformationEnhancedLivestock.tsx(476,3): error TS2484: Export declaration conflicts with exported declaration of 'FeedManagementWithInfo'.
65:src/components/livestock/InformationEnhancedLivestock.tsx(477,3): error TS2323: Cannot redeclare exported variable 'LivestockListWithInfo'.
66:src/components/livestock/InformationEnhancedLivestock.tsx(477,3): error TS2484: Export declaration conflicts with exported declaration of 'LivestockListWithInfo'.
67:src/components/LivestockForm.tsx(33,13): error TS2769: No overload matches this call.
68:src/components/LivestockForm.tsx(36,13): error TS2769: No overload matches this call.
69:src/components/LivestockForm.tsx(96,28): error TS2345: Argument of type 'Omit<Breed, "id" | "created_at" | "updated_at">[]' is not assignable to parameter of type 'SetStateAction<Breed[]>'.
70:src/components/LivestockForm.tsx(103,24): error TS2345: Argument of type 'Omit<Breed, "id" | "created_at" | "updated_at">[]' is not assignable to parameter of type 'SetStateAction<Breed[]>'.
71:src/components/ui/FormFields.tsx(101,7): error TS2339: Property 'onValueChange' does not exist on type 'FormSelectProps'.
72:src/components/ui/FormFields.tsx(108,17): error TS2322: Type 'string | number | readonly string[] | undefined' is not assignable to type 'string | undefined'.
73:src/components/ui/FormFields.tsx(109,12): error TS2322: Type '{ children: Element; autoComplete?: string | undefined; disabled?: boolean | undefined; form?: string | undefined; multiple?: boolean | undefined; name?: string | undefined; ... 264 more ...; className: string; }' is not assignable to type 'SelectTriggerProps'.
74:src/components/ui/UnifiedList.tsx(129,7): error TS2358: The left-hand side of an 'instanceof' expression must be of type 'any', an object type or a type parameter.
75:src/components/ui/UnifiedList.tsx(383,15): error TS2484: Export declaration conflicts with exported declaration of 'UnifiedListProps'.
76:src/hooks/useFarmingActivities.ts(209,5): error TS2322: Type 'AgroecologicalZone | null | undefined' is not assignable to type 'AgroecologicalZone | null'.
77:src/hooks/useInformation.ts(141,11): error TS2353: Object literal may only specify known properties, and 'params' does not exist in type '{ single?: boolean | undefined; }'.
78:src/hooks/useInformation.ts(148,22): error TS2339: Property 'data' does not exist on type 'InfoTopicContext'.
79:src/hooks/useInformation.ts(148,39): error TS2339: Property 'data' does not exist on type 'InfoTopicContext'.
80:src/hooks/useInformation.ts(149,36): error TS2339: Property 'data' does not exist on type 'InfoTopicContext'.
81:src/hooks/useInformation.ts(183,11): error TS2353: Object literal may only specify known properties, and 'params' does not exist in type '{ single?: boolean | undefined; }'.
82:src/hooks/useInformation.ts(188,22): error TS2339: Property 'data' does not exist on type 'InfoTopic'.
83:src/hooks/useInformation.ts(189,35): error TS2339: Property 'data' does not exist on type 'InfoTopic'.
84:src/hooks/useInformation.ts(190,27): error TS2339: Property 'data' does not exist on type 'InfoTopic'.
85:src/hooks/useInformation.ts(216,25): error TS2339: Property 'data' does not exist on type 'InfoSearchResult[]'.
86:src/hooks/useInformation.ts(231,9): error TS2353: Object literal may only specify known properties, and 'params' does not exist in type '{ single?: boolean | undefined; }'.
87:src/hooks/useInformation.ts(239,23): error TS2339: Property 'data' does not exist on type 'InfoTopic[]'.
88:src/hooks/useInformation.ts(250,9): error TS2353: Object literal may only specify known properties, and 'params' does not exist in type '{ single?: boolean | undefined; }'.
89:src/hooks/useInformation.ts(257,23): error TS2339: Property 'data' does not exist on type 'InfoTopic[]'.
90:src/hooks/useInformation.ts(279,25): error TS2345: Argument of type '(prev: InfoTopic[]) => (string | InfoTopic)[]' is not assignable to parameter of type 'SetStateAction<InfoTopic[]>'.
91:src/hooks/useInformation.ts(280,54): error TS2367: This comparison appears to be unintentional because the types 'InfoTopic' and 'string' have no overlap.
92:src/hooks/useInformation.ts(327,29): error TS2339: Property 'data' does not exist on type 'InfoTopic[]'.
93:src/hooks/useInformation.ts(328,44): error TS2339: Property 'data' does not exist on type 'InfoTopic[]'.
94:src/lib/design-system.ts(312,11): error TS7022: 'baseColors' implicitly has type 'any' because it does not have a type annotation and is referenced directly or indirectly in its own initializer.
95:src/lib/design-system.ts(312,33): error TS2448: Block-scoped variable 'baseColors' used before its declaration.
96:src/lib/design-system.ts(312,51): error TS2448: Block-scoped variable 'baseColors' used before its declaration.
97:src/lib/design-system.ts(313,27): error TS7053: Element implicitly has an 'any' type because expression of type 'ThemeVariant' can't be used to index type '{ readonly spring: { readonly primary: "#10b981"; readonly primaryForeground: "#ffffff"; readonly background: "#f0fdf4"; readonly card: "#dcfce7"; readonly border: "#bbf7d0"; }; readonly summer: { ...; }; readonly autumn: { ...; }; readonly winter: { ...; }; readonly 'high-contrast': { ...; }; }'.
98:src/lib/design-system.ts(345,48): error TS2345: Argument of type 'unknown' is not assignable to parameter of type 'string | null'.
99:src/lib/design-system.ts(354,13): error TS7030: Not all code paths return a value.
100:src/lib/env-config.ts(153,15): error TS2484: Export declaration conflicts with exported declaration of 'EnvConfig'.
101:src/lib/error-handling.ts(171,12): error TS2416: Property 'code' in type 'RateLimitError' is not assignable to the same property in base type 'ApiError'.
102:src/lib/error-handling.ts(171,12): error TS4114: This member must have an 'override' modifier because it overrides a member in the base class 'ApiError'.
103:src/lib/error-handling.ts(172,12): error TS4114: This member must have an 'override' modifier because it overrides a member in the base class 'ApiError'.
104:src/lib/error-handling.ts(294,27): error TS4104: The type 'readonly string[]' is 'readonly' and cannot be assigned to the mutable type 'string[]'.
105:src/lib/logging.ts(497,16): error TS18046: 'error' is of type 'unknown'.
106:src/lib/logging.ts(509,3): error TS2686: 'React' refers to a UMD global, but the current file is a module. Consider adding an import instead.
107:src/lib/performance-monitoring.ts(137,58): error TS2339: Property 'navigationStart' does not exist on type 'PerformanceNavigationTiming'.
108:src/lib/performance-monitoring.ts(138,81): error TS2339: Property 'navigationStart' does not exist on type 'PerformanceNavigationTiming'.
109:src/lib/performance-monitoring.ts(159,54): error TS18048: 'lastEntry' is possibly 'undefined'.
110:src/lib/performance-monitoring.ts(590,3): error TS2686: 'React' refers to a UMD global, but the current file is a module. Consider adding an import instead.
111:src/lib/realtime-hooks.ts(53,9): error TS2769: No overload matches this call.
112:src/lib/realtime-hooks.ts(60,50): error TS2344: Type 'T' does not satisfy the constraint '{ [key: string]: any; }'.
113:src/lib/realtime-hooks.ts(200,13): error TS2339: Property 'error' does not exist on type 'RealtimeChannelSendResponse'.
114:src/lib/realtime-hooks.ts(263,13): error TS2339: Property 'error' does not exist on type 'RealtimeChannelSendResponse'.
115:src/lib/responsive-design.ts(59,16): error TS2538: Type 'undefined' cannot be used as an index type.
116:src/lib/responsive-design.ts(60,21): error TS2538: Type 'undefined' cannot be used as an index type.
117:src/pages/AnalyticsPage.tsx(17,54): error TS2559: Type 'string' has no properties in common with type '{ farm_id?: string | undefined; period?: string | undefined; }'.
118:src/pages/AnalyticsPage.tsx(56,12): error TS2741: Property 'items' is missing in type '{ className: string; }' but required in type '{ items: { label: string; href?: string | undefined; }[]; className?: string | undefined; }'.
119:src/pages/CropsPage.tsx(87,12): error TS2741: Property 'items' is missing in type '{ className: string; }' but required in type '{ items: { label: string; href?: string | undefined; }[]; className?: string | undefined; }'.
120:src/pages/CropsPage.tsx(138,15): error TS2322: Type '{ crops: Crop[]; searchQuery: string; setSearchQuery: Dispatch<SetStateAction<string>>; }' is not assignable to type 'IntrinsicAttributes'.
121:src/pages/CropsPage.tsx(145,61): error TS2322: Type '{ farmId: string; }' is not assignable to type 'IntrinsicAttributes'.
122:src/pages/CropsPage.tsx(167,27): error TS2551: Property 'crop_type' does not exist on type 'CropVariety'. Did you mean 'cropType'?
123:src/pages/Dashboard.tsx(853,46): error TS2322: Type '{ farmId: string; cropType: string; }' is not assignable to type 'IntrinsicAttributes'.
124:src/pages/Dashboard.tsx(859,21): error TS2322: Type '{ farmId: string; onEventClick: (event: unknown) => void; onCreateEvent: (date: string) => void; }' is not assignable to type 'IntrinsicAttributes'.
125:src/pages/Dashboard.tsx(870,21): error TS2322: Type '{ farmId: string; operations: any; onOperationClick: (operationId: string) => void; }' is not assignable to type 'IntrinsicAttributes'.
126:src/pages/FarmsPage.tsx(17,10): error TS2614: Module '"../components/wizards/FirstTimeSetup"' has no exported member 'FirstTimeWizard'. Did you mean to use 'import FirstTimeWizard from "../components/wizards/FirstTimeSetup"' instead?
127:src/pages/FarmsPage.tsx(363,9): error TS2322: Type 'import("c:/Users/MunyaradziGangayi/Documents/Coder/Farmers-Boot/apps/web/src/api/types").ModalField[]' is not assignable to type 'import("c:/Users/MunyaradziGangayi/Documents/Coder/Farmers-Boot/apps/web/src/components/ui/UnifiedModal").ModalField[]'.
128:src/pages/FarmsPage.tsx(373,9): error TS2322: Type 'import("c:/Users/MunyaradziGangayi/Documents/Coder/Farmers-Boot/apps/web/src/api/types").ModalField[]' is not assignable to type 'import("c:/Users/MunyaradziGangayi/Documents/Coder/Farmers-Boot/apps/web/src/components/ui/UnifiedModal").ModalField[]'.
129:src/pages/FarmsPage.tsx(374,9): error TS2322: Type 'Farm | undefined' is not assignable to type 'Record<string, unknown> | undefined'.
130:src/pages/FieldsPage.tsx(81,9): error TS2353: Object literal may only specify known properties, and 'params' does not exist in type '{ single?: boolean | undefined; }'.
131:src/pages/FieldsPage.tsx(94,11): error TS2353: Object literal may only specify known properties, and 'params' does not exist in type '{ single?: boolean | undefined; }'.
132:src/pages/FieldsPage.tsx(168,66): error TS2322: Type 'string' is not assignable to type 'number'.
133:src/pages/FieldsPage.tsx(180,12): error TS2741: Property 'items' is missing in type '{ className: string; }' but required in type '{ items: { label: string; href?: string | undefined; }[]; className?: string | undefined; }'.
134:src/pages/FieldsPage.tsx(250,11): error TS2322: Type '{ children: (false | Element | undefined)[]; isLoading: boolean; error: Error | null; loadingMessage: string; onRetry: () => Promise<void>; empty: boolean; emptyTitle: string; emptyDescription: string; emptyAction: Element; emptyIcon: Element; }' is not assignable to type 'IntrinsicAttributes & LoadingStatesProps & { onRetry?: (() => void) | undefined; loadingMessage?: string | undefined; errorTitle?: string | undefined; errorMessage?: string | undefined; }'.
135:src/pages/FieldsPage.tsx(313,15): error TS2322: Type '{ fields: Field[]; selectedFieldId: string | null; onSelectField: (f: any) => void; }' is not assignable to type 'IntrinsicAttributes & FieldMapProps'.
136:src/pages/FieldsPage.tsx(314,30): error TS7006: Parameter 'f' implicitly has an 'any' type.
137:src/pages/InventoryPage.tsx(24,36): error TS2305: Module '"../components/inventory/types"' has no exported member 'InventoryFormData'.
138:src/pages/InventoryPage.tsx(106,59): error TS2339: Property 'resolved' does not exist on type 'InventoryAlert'.
139:src/pages/InventoryPage.tsx(143,10): error TS2741: Property 'items' is missing in type '{ className: string; }' but required in type '{ items: { label: string; href?: string | undefined; }[]; className?: string | undefined; }'.
140:src/pages/InventoryPage.tsx(205,13): error TS2322: Type '{ inventoryItems: InventoryItem[]; alerts: InventoryAlert[]; lowStockItems: InventoryItem[]; onResolveAlert: (alert: InventoryAlert, resolved: boolean) => Promise<...>; onReorder: (item: any) => void; }' is not assignable to type 'IntrinsicAttributes'.
141:src/pages/InventoryPage.tsx(209,24): error TS7006: Parameter 'item' implicitly has an 'any' type.
142:src/pages/InventoryPage.tsx(217,13): error TS2322: Type 'Dispatch<SetStateAction<InventoryItem | null>>' is not assignable to type '(item: InventoryItem) => void'.
143:src/pages/InventoryPage.tsx(218,21): error TS7006: Parameter 'item' implicitly has an 'any' type.
144:src/pages/InventoryPage.tsx(225,50): error TS2322: Type '{ alerts: InventoryAlert[]; onResolveAlert: (alert: InventoryAlert, resolved: boolean) => Promise<void>; }' is not assignable to type 'IntrinsicAttributes & { alerts: InventoryAlert[]; }'.
145:src/pages/InventoryPage.tsx(232,13): error TS2322: Type '{ suppliers: Supplier[]; onAddSupplier: () => void; onEditSupplier: (supplier: any) => void; }' is not assignable to type 'IntrinsicAttributes & { suppliers: Supplier[]; }'.
146:src/pages/InventoryPage.tsx(233,29): error TS7006: Parameter 'supplier' implicitly has an 'any' type.
147:src/pages/InventoryPage.tsx(238,58): error TS2322: Type '{ inventoryItems: InventoryItem[]; }' is not assignable to type 'IntrinsicAttributes'.
148:src/pages/InventoryPage.tsx(243,13): error TS2322: Type 'InventoryItem | null' is not assignable to type 'InventoryItem | null | undefined'.
149:src/pages/LivestockPage.tsx(47,61): error TS2304: Cannot find name 'Calendar'.
150:src/pages/LivestockPage.tsx(171,12): error TS2741: Property 'items' is missing in type '{ className: string; }' but required in type '{ items: { label: string; href?: string | undefined; }[]; className?: string | undefined; }'.
151:src/pages/LivestockPage.tsx(217,53): error TS2322: Type '{ livestock: Livestock[]; }' is not assignable to type 'IntrinsicAttributes'.
152:src/pages/LivestockPage.tsx(220,15): error TS2322: Type '{ livestock: Livestock[]; filters: FilterState; setFilters: Dispatch<SetStateAction<FilterState>>; showFilters: boolean; setShowFilters: Dispatch<...>; onEdit: (item: Livestock) => void; onDelete: (item: Livestock) => Promise<...>; }' is not assignable to type 'IntrinsicAttributes'.
153:src/pages/LivestockPage.tsx(253,9): error TS2322: Type 'import("c:/Users/MunyaradziGangayi/Documents/Coder/Farmers-Boot/apps/web/src/api/types").ModalField[]' is not assignable to type 'import("c:/Users/MunyaradziGangayi/Documents/Coder/Farmers-Boot/apps/web/src/components/ui/UnifiedModal").ModalField[]'.
154:src/pages/LivestockPage.tsx(254,9): error TS2322: Type 'Livestock | { farm_id: string; status: "active"; intake_date: string | undefined; }' is not assignable to type 'Record<string, unknown> | undefined'.
155:src/pages/LocationsPage.tsx(76,5): error TS2322: Type 'string' is not assignable to type 'number'.
156:src/pages/LocationsPage.tsx(90,76): error TS2554: Expected 0 arguments, but got 1.
157:src/pages/LocationsPage.tsx(176,12): error TS2741: Property 'items' is missing in type '{ className: string; }' but required in type '{ items: { label: string; href?: string | undefined; }[]; className?: string | undefined; }'.
158:src/pages/LocationsPage.tsx(299,11): error TS2322: Type '{ children: Element; isLoading: boolean; error: Error | null; loadingMessage: string; errorTitle: string; errorMessage: string; onRetry: () => Promise<QueryObserverResult<Location[], Error>>; ... 4 more ...; emptyIcon: Element; }' is not assignable to type 'IntrinsicAttributes & LoadingStatesProps & { onRetry?: (() => void) | undefined; loadingMessage?: string | undefined; errorTitle?: string | undefined; errorMessage?: string | undefined; }'.
159:src/pages/LocationsPage.tsx(397,9): error TS2322: Type 'Location | undefined' is not assignable to type 'Record<string, unknown> | undefined'.
160:src/pages/QueuePage.tsx(16,12): error TS2741: Property 'items' is missing in type '{ className: string; }' but required in type '{ items: { label: string; href?: string | undefined; }[]; className?: string | undefined; }'.
161:src/pages/ResetPasswordPage.tsx(43,22): error TS2339: Property 'timingSafeEqual' does not exist on type 'SubtleCrypto'.
162:src/pages/TasksPage.tsx(166,20): error TS2551: Property 'due_date' does not exist on type 'ExtendedTask'. Did you mean 'dueDate'?
163:src/pages/TasksPage.tsx(166,46): error TS2551: Property 'due_date' does not exist on type 'ExtendedTask'. Did you mean 'dueDate'?
164:src/pages/TasksPage.tsx(174,12): error TS2741: Property 'items' is missing in type '{ className: string; }' but required in type '{ items: { label: string; href?: string | undefined; }[]; className?: string | undefined; }'.
165:src/pages/TasksPage.tsx(239,13): error TS2322: Type '{ tasks: ExtendedTask[]; onEditTask: Dispatch<SetStateAction<ExtendedTask | null>>; onStartTimer: (task: ExtendedTask) => void; onStopTimer: (task: ExtendedTask) => void; timerActive: { ...; }; isTimerLoading: boolean; }' is not assignable to type 'IntrinsicAttributes'.
166:src/pages/TasksPage.tsx(253,13): error TS2322: Type '{ tasks: ExtendedTask[]; onEditTask: Dispatch<SetStateAction<ExtendedTask | null>>; onViewTask: (task: ExtendedTask) => void; ... 4 more ...; onCreate: () => void; }' is not assignable to type 'IntrinsicAttributes & TaskListProps'.
167:src/pages/TasksPage.tsx(266,13): error TS2322: Type '{ templates: TaskTemplate[]; onCreateTemplate: () => void; }' is not assignable to type 'IntrinsicAttributes & TaskTemplatesProps'.
168:src/pages/TasksPage.tsx(273,13): error TS2322: Type '{ tasks: ExtendedTask[]; timerActive: { [key: string]: boolean; }; currentTimer: { taskId: string; startTime: Date; } | null; onStartTimer: (task: ExtendedTask) => void; onStopTimer: (task: ExtendedTask) => void; isLoading: boolean; }' is not assignable to type 'IntrinsicAttributes & TaskTimeTrackerProps'.
169:src/pages/TasksPage.tsx(288,13): error TS2322: Type '{ task: ExtendedTask | null; farms: Farm[]; users: User[]; onSave: (taskData: TaskFormData) => void; onClose: () => void; isLoading: boolean; }' is not assignable to type 'IntrinsicAttributes & TaskModalProps'.
170:src/schemas/index.ts(28,5): error TS2322: Type 'true' is not assignable to type 'never'.
171:src/services/aiService.ts(49,18): error TS2395: Individual declarations in merged declaration 'AIService' must be all exported or all local.
172:src/services/aiService.ts(65,7): error TS2395: Individual declarations in merged declaration 'AIService' must be all exported or all local.
